<html>
<body>
<pre>
<h1>µVision Build Log</h1>
<h2>Tool Versions:</h2>
IDE-Version: µVision V5.32.0.0
Copyright (C) 2020 ARM Ltd and ARM Germany GmbH. All rights reserved.
License Information: Alan Marshall, N/A, LIC=----
 
Tool Versions:
Toolchain:       MDK-Lite  Version: 5.32.0.0
Toolchain Path:  C:\Keil_v5\ARM\ARMCLANG\Bin
C Compiler:      ArmClang.exe V6.14.1
Assembler:       Armasm.exe V6.14.1
Linker/Locator:  ArmLink.exe V6.14.1
Library Manager: ArmAr.exe V6.14.1
Hex Converter:   FromElf.exe V6.14.1
CPU DLL:         SARMCM3.DLL V5.32.0.0
Dialog DLL:      DARMCM1.DLL V1.19.4.0
Target DLL:      CMSIS_AGDI.dll V1.32.12.0
Dialog DLL:      TARMCM1.DLL V1.14.3.0
 
<h2>Project:</h2>
C:\Users\alan\Desktop\lab\Sensors\ColorSensor-TCS230-TCS3200\FRDM-KL25Z\Keil-ReadRGBColours.uvprojx
Project File Date:  01/26/2021

<h2>Output:</h2>
*** Using Compiler 'V6.14.1', folder: 'C:\Keil_v5\ARM\ARMCLANG\Bin'
Build target 'Target 1'
main.c(95): warning: expansion of date or time macro is not reproducible [-Wdate-time]
        printf("Built: %s %s\r\n\r\n", __DATE__, __TIME__);
                                       ^
main.c(95): warning: expansion of date or time macro is not reproducible [-Wdate-time]
        printf("Built: %s %s\r\n\r\n", __DATE__, __TIME__);
                                                 ^
main.c(121): warning: implicit conversion changes signedness: 'int32_t' (aka 'int') to 'uint32_t' (aka 'unsigned int') [-Wsign-conversion]
                RGB_LED(r, g, b);
                ~~~~~~~ ^
main.c(121): warning: implicit conversion changes signedness: 'int32_t' (aka 'int') to 'uint32_t' (aka 'unsigned int') [-Wsign-conversion]
                RGB_LED(r, g, b);
                ~~~~~~~    ^
main.c(121): warning: implicit conversion changes signedness: 'int32_t' (aka 'int') to 'uint32_t' (aka 'unsigned int') [-Wsign-conversion]
                RGB_LED(r, g, b);
                ~~~~~~~       ^
main.c(218): warning: default label in switch which covers all enumeration values [-Wcovered-switch-default]
                default:break;
                ^
6 warnings generated.
compiling main.c...
linking...
Program Size: Code=11428 RO-data=472 RW-data=4 ZI-data=1840  
".\Objects\Keil-ReadRGBColours.axf" - 0 Error(s), 6 Warning(s).

<h2>Software Packages used:</h2>

Package Vendor: ARM
                http://www.keil.com/pack/ARM.CMSIS.5.7.0.pack
                ARM.CMSIS.5.7.0
                CMSIS (Cortex Microcontroller Software Interface Standard)
   * Component: CORE Version: 5.4.0

Package Vendor: Keil
                http://www.keil.com/pack/Keil.ARM_Compiler.1.6.3.pack
                Keil.ARM_Compiler.1.6.3
                Keil ARM Compiler extensions for ARM Compiler 5 and ARM Compiler 6
   * Component: Event Recorder Variant: DAP Version: 1.4.0

Package Vendor: Keil
                http://www.keil.com/pack/Keil.Kinetis_KLxx_DFP.1.15.0.pack
                Keil.Kinetis_KLxx_DFP.1.15.0
                NXP Kinetis KLxx Series Device Support and Examples
   * Component: Startup Version: 2.5.0

<h2>Collection of Component include folders:</h2>
  .\RTE\Compiler
  .\RTE\Device\MKL25Z128xxx4
  .\RTE\_Target_1
  C:\Users\alan\AppData\Local\Arm\Packs\ARM\CMSIS\5.7.0\CMSIS\Core\Include
  C:\Users\alan\AppData\Local\Arm\Packs\Keil\ARM_Compiler\1.6.3\Include
  C:\Users\alan\AppData\Local\Arm\Packs\Keil\Kinetis_KLxx_DFP\1.15.0\Device\Include

<h2>Collection of Component Files used:</h2>

   * Component: ARM::CMSIS:CORE:5.4.0

   * Component: Keil.ARM Compiler::Compiler:Event Recorder:DAP:1.4.0
      Include file:  Include\EventRecorder.h
      Source file:   Source\EventRecorder.c
      Include file:  Config\EventRecorderConf.h

   * Component: Keil::Device:Startup:2.5.0
      Include file:  Device\Source\system_MKL25Z4.h
      Source file:   Device\Source\system_MKL25Z4.c
      Source file:   Device\Source\ARM\startup_MKL25Z4.s
Build Time Elapsed:  00:00:01
</pre>
</body>
</html>
